// Jest Snapshot v1, https://goo.gl/fbAQLP

exports[`SegmentOverview should render 1`] = `
<div>
  <div>
    <div
      class="panel card-root"
    >
      <button
        aria-controls="clay-id-1"
        aria-expanded="true"
        class="panel-header panel-header-link collapse-icon collapse-icon-middle show btn btn-unstyled"
        type="button"
      >
        <div
          class="card-title"
        >
          Segment Criteria
        </div>
        <span
          class="collapse-icon-closed"
        >
          <svg
            class="lexicon-icon lexicon-icon-angle-right"
            role="presentation"
          >
            <use
              href="#angle-right"
            />
          </svg>
        </span>
        <span
          class="collapse-icon-open"
        >
          <svg
            class="lexicon-icon lexicon-icon-angle-down"
            role="presentation"
          >
            <use
              href="#angle-down"
            />
          </svg>
        </span>
      </button>
      <div
        aria-labelledby="clay-id-1"
        class="panel-collapse"
        id="clay-id-1"
        role="region"
      >
        <div
          class="panel-body criteria-card-root"
        >
          <div
            class="criteria-view-root pt-2"
          >
            <div
              class="criteria-group"
            >
              <div
                class="criteria-row"
              >
                Individual
                <b>
                  Middle Name
                </b>
                <span>
                  is
                </span>
                <b>
                  "additionalName"
                </b>
              </div>
            </div>
          </div>
        </div>
      </div>
    </div>
    <div
      class="card card-root segment-profile-card-root"
      id="container.report.segmentMembershipCard"
    >
      <div
        class="card-header"
      >
        <div
          class="card-title"
        >
          Segment Membership
        </div>
      </div>
      <div
        class="card-body"
      >
        <div
          class="composed-chart-with-empty-state"
        >
          <div
            class="recharts-responsive-container"
            style="width: 100%; height: 360px; min-width: 0;"
          />
        </div>
      </div>
      <div
        class="card-footer"
      >
        <a
          class="button-root btn btn-outline-borderless btn-sm btn-outline-secondary"
          href="/workspace/23/contacts/segments/0/membership"
        >
          View Members
          <svg
            class="lexicon-icon lexicon-icon-angle-right-small icon-root ml-2"
            role="presentation"
          >
            <use
              href="#angle-right-small"
            />
          </svg>
        </a>
      </div>
    </div>
  </div>
</div>
`;
